exports[`test Header snapshot is the same 1`] = `
<div>
  <img
    alt="thumbnail"
    onClick={[Function]}
    src={undefined} />
</div>
`;
