exports[`test Header snapshot is the same 1`] = `
<div
  className="galleryZoomed">
  <img
    className="xIcon"
    onClick={undefined}
    src="xIcon.png" />
  <img
    className="familyPhoto"
    src={undefined} />
  <div
    className="zoomedNav">
    <img
      className="arrow"
      onClick={undefined}
      src="arrow.png" />
    <img
      className="arrow"
      onClick={undefined}
      src="arrowRight.png" />
  </div>
</div>
`;
